// Jest Snapshot v1, https://goo.gl/fbAQLP

exports[`NotFound Route E2E should be displayed if the requested route doesn't exist 1`] = `""`;
